/home/student/.local/share/com.analog.cfs/packages/conan/p/msdk8c9ed4d433027/p/Libraries/MiscDrivers/PMIC/max20303.c:116:20:i2c_flush	0	static
/home/student/.local/share/com.analog.cfs/packages/conan/p/msdk8c9ed4d433027/p/Libraries/MiscDrivers/PMIC/max20303.c:127:12:reg_write	16	static
/home/student/.local/share/com.analog.cfs/packages/conan/p/msdk8c9ed4d433027/p/Libraries/MiscDrivers/PMIC/max20303.c:144:12:reg_write_buf	16	static
/home/student/.local/share/com.analog.cfs/packages/conan/p/msdk8c9ed4d433027/p/Libraries/MiscDrivers/PMIC/max20303.c:172:12:reg_read	16	static
/home/student/.local/share/com.analog.cfs/packages/conan/p/msdk8c9ed4d433027/p/Libraries/MiscDrivers/PMIC/max20303.c:196:5:max20303_led	8	static
/home/student/.local/share/com.analog.cfs/packages/conan/p/msdk8c9ed4d433027/p/Libraries/MiscDrivers/PMIC/max20303.c:214:5:max20303_led_red	8	static
/home/student/.local/share/com.analog.cfs/packages/conan/p/msdk8c9ed4d433027/p/Libraries/MiscDrivers/PMIC/max20303.c:223:5:max20303_led_green	8	static
/home/student/.local/share/com.analog.cfs/packages/conan/p/msdk8c9ed4d433027/p/Libraries/MiscDrivers/PMIC/max20303.c:232:5:max20303_led_blue	8	static
/home/student/.local/share/com.analog.cfs/packages/conan/p/msdk8c9ed4d433027/p/Libraries/MiscDrivers/PMIC/max20303.c:244:5:max20303_mic_power	16	static
/home/student/.local/share/com.analog.cfs/packages/conan/p/msdk8c9ed4d433027/p/Libraries/MiscDrivers/PMIC/max20303.c:280:5:max20303_camera_power	16	static
/home/student/.local/share/com.analog.cfs/packages/conan/p/msdk8c9ed4d433027/p/Libraries/MiscDrivers/PMIC/max20303.c:318:5:max20303_sd_power	16	static
/home/student/.local/share/com.analog.cfs/packages/conan/p/msdk8c9ed4d433027/p/Libraries/MiscDrivers/PMIC/max20303.c:413:5:max20303_gpio	24	static
/home/student/.local/share/com.analog.cfs/packages/conan/p/msdk8c9ed4d433027/p/Libraries/MiscDrivers/PMIC/max20303.c:519:5:max20303_init	16	static
