/home/student/.local/share/com.analog.cfs/packages/conan/p/msdk8c9ed4d433027/p/Libraries/CMSIS/5.9.0/Core/Include/core_cm4.h:1684:22:__NVIC_EnableIRQ	0	static
/home/student/.local/share/com.analog.cfs/packages/conan/p/msdk8c9ed4d433027/p/Libraries/MiscDrivers/PushButton/pb.c:32:5:PB_Init	16	static
/home/student/.local/share/com.analog.cfs/packages/conan/p/msdk8c9ed4d433027/p/Libraries/MiscDrivers/PushButton/pb.c:58:5:PB_Set_Polarity	0	static
/home/student/.local/share/com.analog.cfs/packages/conan/p/msdk8c9ed4d433027/p/Libraries/MiscDrivers/PushButton/pb.c:69:5:PB_RegisterCallback	16	static
/home/student/.local/share/com.analog.cfs/packages/conan/p/msdk8c9ed4d433027/p/Libraries/MiscDrivers/PushButton/pb.c:97:5:PB_RegisterCallbackRiseFall	24	static
/home/student/.local/share/com.analog.cfs/packages/conan/p/msdk8c9ed4d433027/p/Libraries/MiscDrivers/PushButton/pb.c:121:6:PB_IntEnable	8	static
/home/student/.local/share/com.analog.cfs/packages/conan/p/msdk8c9ed4d433027/p/Libraries/MiscDrivers/PushButton/pb.c:128:6:PB_IntDisable	8	static
/home/student/.local/share/com.analog.cfs/packages/conan/p/msdk8c9ed4d433027/p/Libraries/MiscDrivers/PushButton/pb.c:135:6:PB_IntClear	8	static
/home/student/.local/share/com.analog.cfs/packages/conan/p/msdk8c9ed4d433027/p/Libraries/MiscDrivers/PushButton/pb.c:142:5:PB_Get	8	static
/home/student/.local/share/com.analog.cfs/packages/conan/p/msdk8c9ed4d433027/p/Libraries/MiscDrivers/PushButton/pb.c:153:5:PB_IsPressedAny	8	static
