/home/student/.local/share/com.analog.cfs/packages/conan/p/msdk8c9ed4d433027/p/Libraries/MiscDrivers/Camera/sccb.c:66:13:start	16	static
/home/student/.local/share/com.analog.cfs/packages/conan/p/msdk8c9ed4d433027/p/Libraries/MiscDrivers/Camera/sccb.c:100:16:send_byte	16	static
/home/student/.local/share/com.analog.cfs/packages/conan/p/msdk8c9ed4d433027/p/Libraries/MiscDrivers/Camera/sccb.c:78:13:stop	16	static
/home/student/.local/share/com.analog.cfs/packages/conan/p/msdk8c9ed4d433027/p/Libraries/MiscDrivers/Camera/sccb.c:137:16:get_byte	16	static
/home/student/.local/share/com.analog.cfs/packages/conan/p/msdk8c9ed4d433027/p/Libraries/MiscDrivers/Camera/sccb.c:88:13:send_NACK	16	static
/home/student/.local/share/com.analog.cfs/packages/conan/p/msdk8c9ed4d433027/p/Libraries/MiscDrivers/Camera/sccb.c:165:5:sccb_init	8	static
/home/student/.local/share/com.analog.cfs/packages/conan/p/msdk8c9ed4d433027/p/Libraries/MiscDrivers/Camera/sccb.c:177:5:sccb_vssel	32	static
/home/student/.local/share/com.analog.cfs/packages/conan/p/msdk8c9ed4d433027/p/Libraries/MiscDrivers/Camera/sccb.c:204:5:sccb_scan	16	static
/home/student/.local/share/com.analog.cfs/packages/conan/p/msdk8c9ed4d433027/p/Libraries/MiscDrivers/Camera/sccb.c:224:5:sccb_read_byt	24	static
/home/student/.local/share/com.analog.cfs/packages/conan/p/msdk8c9ed4d433027/p/Libraries/MiscDrivers/Camera/sccb.c:257:5:sccb_write_byt	24	static
/home/student/.local/share/com.analog.cfs/packages/conan/p/msdk8c9ed4d433027/p/Libraries/MiscDrivers/Camera/sccb.c:285:5:sccb_read_reg16	24	static
/home/student/.local/share/com.analog.cfs/packages/conan/p/msdk8c9ed4d433027/p/Libraries/MiscDrivers/Camera/sccb.c:322:5:sccb_write_reg16	16	static
