/home/student/.local/share/com.analog.cfs/packages/conan/p/msdk8c9ed4d433027/p/Libraries/CMSIS/Device/Maxim/MAX78000/Source/system_max78000.c:39:12:_getpid	0	static
/home/student/.local/share/com.analog.cfs/packages/conan/p/msdk8c9ed4d433027/p/Libraries/CMSIS/Device/Maxim/MAX78000/Source/system_max78000.c:44:12:_kill	0	static
/home/student/.local/share/com.analog.cfs/packages/conan/p/msdk8c9ed4d433027/p/Libraries/CMSIS/Device/Maxim/MAX78000/Source/system_max78000.c:49:13:SystemCoreClockUpdate	0	static
/home/student/.local/share/com.analog.cfs/packages/conan/p/msdk8c9ed4d433027/p/Libraries/CMSIS/Device/Maxim/MAX78000/Source/system_max78000.c:94:12:PreInit	0	static
/home/student/.local/share/com.analog.cfs/packages/conan/p/msdk8c9ed4d433027/p/Libraries/CMSIS/Device/Maxim/MAX78000/Source/system_max78000.c:106:13:PinInit	0	static
/home/student/.local/share/com.analog.cfs/packages/conan/p/msdk8c9ed4d433027/p/Libraries/CMSIS/Device/Maxim/MAX78000/Source/system_max78000.c:111:12:PeripheralInit	0	static
/home/student/.local/share/com.analog.cfs/packages/conan/p/msdk8c9ed4d433027/p/Libraries/CMSIS/Device/Maxim/MAX78000/Source/system_max78000.c:118:12:Board_Init	0	static
/home/student/.local/share/com.analog.cfs/packages/conan/p/msdk8c9ed4d433027/p/Libraries/CMSIS/Device/Maxim/MAX78000/Source/system_max78000.c:130:13:SystemInit	8	static
