/home/student/.local/share/com.analog.cfs/packages/conan/p/msdk8c9ed4d433027/p/Libraries/MiscDrivers/Display/tft_ili9341.c:65:13:spi_transmit	8	static
/home/student/.local/share/com.analog.cfs/packages/conan/p/msdk8c9ed4d433027/p/Libraries/MiscDrivers/Display/tft_ili9341.c:189:12:width	0	static
/home/student/.local/share/com.analog.cfs/packages/conan/p/msdk8c9ed4d433027/p/Libraries/MiscDrivers/Display/tft_ili9341.c:197:12:height	0	static
/home/student/.local/share/com.analog.cfs/packages/conan/p/msdk8c9ed4d433027/p/Libraries/MiscDrivers/Display/tft_ili9341.c:145:13:write_command	16	static
/home/student/.local/share/com.analog.cfs/packages/conan/p/msdk8c9ed4d433027/p/Libraries/MiscDrivers/Display/tft_ili9341.c:153:13:write_data	16	static
/home/student/.local/share/com.analog.cfs/packages/conan/p/msdk8c9ed4d433027/p/Libraries/MiscDrivers/Display/tft_ili9341.c:161:13:window	24	static
/home/student/.local/share/com.analog.cfs/packages/conan/p/msdk8c9ed4d433027/p/Libraries/MiscDrivers/Display/tft_ili9341.c:205:13:WindowMax	8	static
/home/student/.local/share/com.analog.cfs/packages/conan/p/msdk8c9ed4d433027/p/Libraries/MiscDrivers/Display/tft_ili9341.c:245:13:fillrect	16	static
/home/student/.local/share/com.analog.cfs/packages/conan/p/msdk8c9ed4d433027/p/Libraries/MiscDrivers/Display/tft_ili9341.c:176:13:pixel	16	static
/home/student/.local/share/com.analog.cfs/packages/conan/p/msdk8c9ed4d433027/p/Libraries/MiscDrivers/Display/tft_ili9341.c:228:13:vline	16	static
/home/student/.local/share/com.analog.cfs/packages/conan/p/msdk8c9ed4d433027/p/Libraries/MiscDrivers/Display/tft_ili9341.c:210:13:hline	16	static
/home/student/.local/share/com.analog.cfs/packages/conan/p/msdk8c9ed4d433027/p/Libraries/MiscDrivers/Display/tft_ili9341.c:370:13:tft_spi_init	56	static
/home/student/.local/share/com.analog.cfs/packages/conan/p/msdk8c9ed4d433027/p/Libraries/MiscDrivers/Display/tft_ili9341.c:397:13:displayInit	8	static
/home/student/.local/share/com.analog.cfs/packages/conan/p/msdk8c9ed4d433027/p/Libraries/MiscDrivers/Display/tft_ili9341.c:267:6:locate	0	static
/home/student/.local/share/com.analog.cfs/packages/conan/p/msdk8c9ed4d433027/p/Libraries/MiscDrivers/Display/tft_ili9341.c:273:5:columns	8	static
/home/student/.local/share/com.analog.cfs/packages/conan/p/msdk8c9ed4d433027/p/Libraries/MiscDrivers/Display/tft_ili9341.c:278:5:rows	8	static
/home/student/.local/share/com.analog.cfs/packages/conan/p/msdk8c9ed4d433027/p/Libraries/MiscDrivers/Display/tft_ili9341.c:283:6:tft_character	40	static
/home/student/.local/share/com.analog.cfs/packages/conan/p/msdk8c9ed4d433027/p/Libraries/MiscDrivers/Display/tft_ili9341.c:334:6:set_font	0	static
/home/student/.local/share/com.analog.cfs/packages/conan/p/msdk8c9ed4d433027/p/Libraries/MiscDrivers/Display/tft_ili9341.c:339:6:ShowImage	32	static
/home/student/.local/share/com.analog.cfs/packages/conan/p/msdk8c9ed4d433027/p/Libraries/MiscDrivers/Display/tft_ili9341.c:579:6:MXC_TFT_SetRotation	8	static
/home/student/.local/share/com.analog.cfs/packages/conan/p/msdk8c9ed4d433027/p/Libraries/MiscDrivers/Display/tft_ili9341.c:604:6:MXC_TFT_SetBackGroundColor	24	static
/home/student/.local/share/com.analog.cfs/packages/conan/p/msdk8c9ed4d433027/p/Libraries/MiscDrivers/Display/tft_ili9341.c:618:6:MXC_TFT_SetForeGroundColor	0	static
/home/student/.local/share/com.analog.cfs/packages/conan/p/msdk8c9ed4d433027/p/Libraries/MiscDrivers/Display/tft_ili9341.c:625:5:MXC_TFT_SetPalette	0	static
/home/student/.local/share/com.analog.cfs/packages/conan/p/msdk8c9ed4d433027/p/Libraries/MiscDrivers/Display/tft_ili9341.c:630:6:MXC_TFT_Backlight	8	static
/home/student/.local/share/com.analog.cfs/packages/conan/p/msdk8c9ed4d433027/p/Libraries/MiscDrivers/Display/tft_ili9341.c:533:5:MXC_TFT_Init	24	static
/home/student/.local/share/com.analog.cfs/packages/conan/p/msdk8c9ed4d433027/p/Libraries/MiscDrivers/Display/tft_ili9341.c:641:6:MXC_TFT_ClearScreen	8	static
/home/student/.local/share/com.analog.cfs/packages/conan/p/msdk8c9ed4d433027/p/Libraries/MiscDrivers/Display/tft_ili9341.c:646:6:MXC_TFT_FillRect	16	static
/home/student/.local/share/com.analog.cfs/packages/conan/p/msdk8c9ed4d433027/p/Libraries/MiscDrivers/Display/tft_ili9341.c:661:6:MXC_TFT_WritePixel	16	static
/home/student/.local/share/com.analog.cfs/packages/conan/p/msdk8c9ed4d433027/p/Libraries/MiscDrivers/Display/tft_ili9341.c:673:6:MXC_TFT_ShowImage	16	static
/home/student/.local/share/com.analog.cfs/packages/conan/p/msdk8c9ed4d433027/p/Libraries/MiscDrivers/Display/tft_ili9341.c:687:6:MXC_TFT_ShowImageCameraRGB565	32	static
/home/student/.local/share/com.analog.cfs/packages/conan/p/msdk8c9ed4d433027/p/Libraries/MiscDrivers/Display/tft_ili9341.c:709:6:MXC_TFT_WriteBufferRGB565	32	static
/home/student/.local/share/com.analog.cfs/packages/conan/p/msdk8c9ed4d433027/p/Libraries/MiscDrivers/Display/tft_ili9341.c:732:6:MXC_TFT_PrintPalette	16	static
/home/student/.local/share/com.analog.cfs/packages/conan/p/msdk8c9ed4d433027/p/Libraries/MiscDrivers/Display/tft_ili9341.c:748:6:MXC_TFT_Circle	48	static
/home/student/.local/share/com.analog.cfs/packages/conan/p/msdk8c9ed4d433027/p/Libraries/MiscDrivers/Display/tft_ili9341.c:767:6:MXC_TFT_FillCircle	40	static
/home/student/.local/share/com.analog.cfs/packages/conan/p/msdk8c9ed4d433027/p/Libraries/MiscDrivers/Display/tft_ili9341.c:784:6:MXC_TFT_Line	40	static
/home/student/.local/share/com.analog.cfs/packages/conan/p/msdk8c9ed4d433027/p/Libraries/MiscDrivers/Display/tft_ili9341.c:858:6:MXC_TFT_Rectangle	24	static
/home/student/.local/share/com.analog.cfs/packages/conan/p/msdk8c9ed4d433027/p/Libraries/MiscDrivers/Display/tft_ili9341.c:886:6:MXC_TFT_ResetCursor	0	static
/home/student/.local/share/com.analog.cfs/packages/conan/p/msdk8c9ed4d433027/p/Libraries/MiscDrivers/Display/tft_ili9341.c:891:6:MXC_TFT_SetFont	8	static
/home/student/.local/share/com.analog.cfs/packages/conan/p/msdk8c9ed4d433027/p/Libraries/MiscDrivers/Display/tft_ili9341.c:897:6:MXC_TFT_Printf	0	static
/home/student/.local/share/com.analog.cfs/packages/conan/p/msdk8c9ed4d433027/p/Libraries/MiscDrivers/Display/tft_ili9341.c:902:6:MXC_TFT_ConfigPrintf	0	static
/home/student/.local/share/com.analog.cfs/packages/conan/p/msdk8c9ed4d433027/p/Libraries/MiscDrivers/Display/tft_ili9341.c:907:6:MXC_TFT_PrintFont	24	static
/home/student/.local/share/com.analog.cfs/packages/conan/p/msdk8c9ed4d433027/p/Libraries/MiscDrivers/Display/tft_ili9341.c:932:6:MXC_TFT_Print	16	static
/home/student/.local/share/com.analog.cfs/packages/conan/p/msdk8c9ed4d433027/p/Libraries/MiscDrivers/Display/tft_ili9341.c:937:6:MXC_TFT_ClearArea	8	static
/home/student/.local/share/com.analog.cfs/packages/conan/p/msdk8c9ed4d433027/p/Libraries/MiscDrivers/Display/tft_ili9341.c:942:6:MXC_TFT_WriteReg	8	static
/home/student/.local/share/com.analog.cfs/packages/conan/p/msdk8c9ed4d433027/p/Libraries/MiscDrivers/Display/tft_ili9341.c:948:6:MXC_TFT_Stream	8	static
